ERROR - 2026-06-19 05:03:52 --> pg_query(): Query failed: ERROR:  syntax error at or near &quot;'4'&quot;
LINE 3: WHERE CAST(etu AS TEXT) LIKE '%' || ? || '%' '4'
                                                     ^
in SYSTEMPATH/Database/Postgre/Connection.php on line 200.
 1 SYSTEMPATH/Database/BaseConnection.php(908): CodeIgniter\Database\Postgre\Connection->execute()
 2 SYSTEMPATH/Database/BaseConnection.php(825): CodeIgniter\Database\BaseConnection->simpleQuery()
 3 SYSTEMPATH/Database/BaseBuilder.php(1647): CodeIgniter\Database\BaseConnection->query()
 4 APPPATH/Models/EtudiantModel.php(29): CodeIgniter\Database\BaseBuilder->get()
 5 APPPATH/Controllers/RechercheEtudiant.php(28): App\Models\EtudiantModel->search()
 6 SYSTEMPATH/CodeIgniter.php(974): App\Controllers\RechercheEtudiant->index()
 7 SYSTEMPATH/CodeIgniter.php(520): CodeIgniter\CodeIgniter->runController()
 8 SYSTEMPATH/CodeIgniter.php(363): CodeIgniter\CodeIgniter->handleRequest()
 9 SYSTEMPATH/Boot.php(417): CodeIgniter\CodeIgniter->run()
10 SYSTEMPATH/Boot.php(68): CodeIgniter\Boot::runCodeIgniter()
11 FCPATH/index.php(59): CodeIgniter\Boot::bootWeb()
12 SYSTEMPATH/rewrite.php(44): require_once('/opt/lampp/htdocs/RohySafeFinale_24_04_2026/Infos_Etudiants/CI4/public/index.php')
CRITICAL - 2026-06-19 05:03:52 --> CodeIgniter\Database\Exceptions\DatabaseException: pg_query(): Query failed: ERROR:  syntax error at or near &quot;'4'&quot;
LINE 3: WHERE CAST(etu AS TEXT) LIKE '%' || ? || '%' '4'
                                                     ^
[Method: POST, Route: recherche]
in SYSTEMPATH/Database/BaseConnection.php on line 863.
 1 SYSTEMPATH/Database/BaseBuilder.php(1647): CodeIgniter\Database\BaseConnection->query()
 2 APPPATH/Models/EtudiantModel.php(29): CodeIgniter\Database\BaseBuilder->get()
 3 APPPATH/Controllers/RechercheEtudiant.php(28): App\Models\EtudiantModel->search()
 4 SYSTEMPATH/CodeIgniter.php(974): App\Controllers\RechercheEtudiant->index()
 5 SYSTEMPATH/CodeIgniter.php(520): CodeIgniter\CodeIgniter->runController()
 6 SYSTEMPATH/CodeIgniter.php(363): CodeIgniter\CodeIgniter->handleRequest()
 7 SYSTEMPATH/Boot.php(417): CodeIgniter\CodeIgniter->run()
 8 SYSTEMPATH/Boot.php(68): CodeIgniter\Boot::runCodeIgniter()
 9 FCPATH/index.php(59): CodeIgniter\Boot::bootWeb()
10 SYSTEMPATH/rewrite.php(44): require_once('/opt/lampp/htdocs/RohySafeFinale_24_04_2026/Infos_Etudiants/CI4/public/index.php')
CRITICAL - 2026-06-19 05:03:52 --> [Caused by] CodeIgniter\Database\Exceptions\DatabaseException: pg_query(): Query failed: ERROR:  syntax error at or near &quot;'4'&quot;
LINE 3: WHERE CAST(etu AS TEXT) LIKE '%' || ? || '%' '4'
                                                     ^
in SYSTEMPATH/Database/Postgre/Connection.php on line 212.
 1 SYSTEMPATH/Database/BaseConnection.php(908): CodeIgniter\Database\Postgre\Connection->execute()
 2 SYSTEMPATH/Database/BaseConnection.php(825): CodeIgniter\Database\BaseConnection->simpleQuery()
 3 SYSTEMPATH/Database/BaseBuilder.php(1647): CodeIgniter\Database\BaseConnection->query()
 4 APPPATH/Models/EtudiantModel.php(29): CodeIgniter\Database\BaseBuilder->get()
 5 APPPATH/Controllers/RechercheEtudiant.php(28): App\Models\EtudiantModel->search()
 6 SYSTEMPATH/CodeIgniter.php(974): App\Controllers\RechercheEtudiant->index()
 7 SYSTEMPATH/CodeIgniter.php(520): CodeIgniter\CodeIgniter->runController()
 8 SYSTEMPATH/CodeIgniter.php(363): CodeIgniter\CodeIgniter->handleRequest()
 9 SYSTEMPATH/Boot.php(417): CodeIgniter\CodeIgniter->run()
10 SYSTEMPATH/Boot.php(68): CodeIgniter\Boot::runCodeIgniter()
11 FCPATH/index.php(59): CodeIgniter\Boot::bootWeb()
12 SYSTEMPATH/rewrite.php(44): require_once('/opt/lampp/htdocs/RohySafeFinale_24_04_2026/Infos_Etudiants/CI4/public/index.php')
CRITICAL - 2026-06-19 05:03:52 --> [Caused by] ErrorException: pg_query(): Query failed: ERROR:  syntax error at or near &quot;'4'&quot;
LINE 3: WHERE CAST(etu AS TEXT) LIKE '%' || ? || '%' '4'
                                                     ^
in SYSTEMPATH/Database/Postgre/Connection.php on line 200.
 1 [internal function]: CodeIgniter\Debug\Exceptions->errorHandler()
 2 SYSTEMPATH/Database/Postgre/Connection.php(200): pg_query()
 3 SYSTEMPATH/Database/BaseConnection.php(908): CodeIgniter\Database\Postgre\Connection->execute()
 4 SYSTEMPATH/Database/BaseConnection.php(825): CodeIgniter\Database\BaseConnection->simpleQuery()
 5 SYSTEMPATH/Database/BaseBuilder.php(1647): CodeIgniter\Database\BaseConnection->query()
 6 APPPATH/Models/EtudiantModel.php(29): CodeIgniter\Database\BaseBuilder->get()
 7 APPPATH/Controllers/RechercheEtudiant.php(28): App\Models\EtudiantModel->search()
 8 SYSTEMPATH/CodeIgniter.php(974): App\Controllers\RechercheEtudiant->index()
 9 SYSTEMPATH/CodeIgniter.php(520): CodeIgniter\CodeIgniter->runController()
10 SYSTEMPATH/CodeIgniter.php(363): CodeIgniter\CodeIgniter->handleRequest()
11 SYSTEMPATH/Boot.php(417): CodeIgniter\CodeIgniter->run()
12 SYSTEMPATH/Boot.php(68): CodeIgniter\Boot::runCodeIgniter()
13 FCPATH/index.php(59): CodeIgniter\Boot::bootWeb()
14 SYSTEMPATH/rewrite.php(44): require_once('/opt/lampp/htdocs/RohySafeFinale_24_04_2026/Infos_Etudiants/CI4/public/index.php')
ERROR - 2026-06-19 05:03:55 --> pg_query(): Query failed: ERROR:  syntax error at or near &quot;'4'&quot;
LINE 3: WHERE CAST(etu AS TEXT) LIKE '%' || ? || '%' '4'
                                                     ^
in SYSTEMPATH/Database/Postgre/Connection.php on line 200.
 1 SYSTEMPATH/Database/BaseConnection.php(908): CodeIgniter\Database\Postgre\Connection->execute()
 2 SYSTEMPATH/Database/BaseConnection.php(825): CodeIgniter\Database\BaseConnection->simpleQuery()
 3 SYSTEMPATH/Database/BaseBuilder.php(1647): CodeIgniter\Database\BaseConnection->query()
 4 APPPATH/Models/EtudiantModel.php(29): CodeIgniter\Database\BaseBuilder->get()
 5 APPPATH/Controllers/RechercheEtudiant.php(28): App\Models\EtudiantModel->search()
 6 SYSTEMPATH/CodeIgniter.php(974): App\Controllers\RechercheEtudiant->index()
 7 SYSTEMPATH/CodeIgniter.php(520): CodeIgniter\CodeIgniter->runController()
 8 SYSTEMPATH/CodeIgniter.php(363): CodeIgniter\CodeIgniter->handleRequest()
 9 SYSTEMPATH/Boot.php(417): CodeIgniter\CodeIgniter->run()
10 SYSTEMPATH/Boot.php(68): CodeIgniter\Boot::runCodeIgniter()
11 FCPATH/index.php(59): CodeIgniter\Boot::bootWeb()
12 SYSTEMPATH/rewrite.php(44): require_once('/opt/lampp/htdocs/RohySafeFinale_24_04_2026/Infos_Etudiants/CI4/public/index.php')
CRITICAL - 2026-06-19 05:03:55 --> CodeIgniter\Database\Exceptions\DatabaseException: pg_query(): Query failed: ERROR:  syntax error at or near &quot;'4'&quot;
LINE 3: WHERE CAST(etu AS TEXT) LIKE '%' || ? || '%' '4'
                                                     ^
[Method: POST, Route: recherche]
in SYSTEMPATH/Database/BaseConnection.php on line 863.
 1 SYSTEMPATH/Database/BaseBuilder.php(1647): CodeIgniter\Database\BaseConnection->query()
 2 APPPATH/Models/EtudiantModel.php(29): CodeIgniter\Database\BaseBuilder->get()
 3 APPPATH/Controllers/RechercheEtudiant.php(28): App\Models\EtudiantModel->search()
 4 SYSTEMPATH/CodeIgniter.php(974): App\Controllers\RechercheEtudiant->index()
 5 SYSTEMPATH/CodeIgniter.php(520): CodeIgniter\CodeIgniter->runController()
 6 SYSTEMPATH/CodeIgniter.php(363): CodeIgniter\CodeIgniter->handleRequest()
 7 SYSTEMPATH/Boot.php(417): CodeIgniter\CodeIgniter->run()
 8 SYSTEMPATH/Boot.php(68): CodeIgniter\Boot::runCodeIgniter()
 9 FCPATH/index.php(59): CodeIgniter\Boot::bootWeb()
10 SYSTEMPATH/rewrite.php(44): require_once('/opt/lampp/htdocs/RohySafeFinale_24_04_2026/Infos_Etudiants/CI4/public/index.php')
CRITICAL - 2026-06-19 05:03:55 --> [Caused by] CodeIgniter\Database\Exceptions\DatabaseException: pg_query(): Query failed: ERROR:  syntax error at or near &quot;'4'&quot;
LINE 3: WHERE CAST(etu AS TEXT) LIKE '%' || ? || '%' '4'
                                                     ^
in SYSTEMPATH/Database/Postgre/Connection.php on line 212.
 1 SYSTEMPATH/Database/BaseConnection.php(908): CodeIgniter\Database\Postgre\Connection->execute()
 2 SYSTEMPATH/Database/BaseConnection.php(825): CodeIgniter\Database\BaseConnection->simpleQuery()
 3 SYSTEMPATH/Database/BaseBuilder.php(1647): CodeIgniter\Database\BaseConnection->query()
 4 APPPATH/Models/EtudiantModel.php(29): CodeIgniter\Database\BaseBuilder->get()
 5 APPPATH/Controllers/RechercheEtudiant.php(28): App\Models\EtudiantModel->search()
 6 SYSTEMPATH/CodeIgniter.php(974): App\Controllers\RechercheEtudiant->index()
 7 SYSTEMPATH/CodeIgniter.php(520): CodeIgniter\CodeIgniter->runController()
 8 SYSTEMPATH/CodeIgniter.php(363): CodeIgniter\CodeIgniter->handleRequest()
 9 SYSTEMPATH/Boot.php(417): CodeIgniter\CodeIgniter->run()
10 SYSTEMPATH/Boot.php(68): CodeIgniter\Boot::runCodeIgniter()
11 FCPATH/index.php(59): CodeIgniter\Boot::bootWeb()
12 SYSTEMPATH/rewrite.php(44): require_once('/opt/lampp/htdocs/RohySafeFinale_24_04_2026/Infos_Etudiants/CI4/public/index.php')
CRITICAL - 2026-06-19 05:03:55 --> [Caused by] ErrorException: pg_query(): Query failed: ERROR:  syntax error at or near &quot;'4'&quot;
LINE 3: WHERE CAST(etu AS TEXT) LIKE '%' || ? || '%' '4'
                                                     ^
in SYSTEMPATH/Database/Postgre/Connection.php on line 200.
 1 [internal function]: CodeIgniter\Debug\Exceptions->errorHandler()
 2 SYSTEMPATH/Database/Postgre/Connection.php(200): pg_query()
 3 SYSTEMPATH/Database/BaseConnection.php(908): CodeIgniter\Database\Postgre\Connection->execute()
 4 SYSTEMPATH/Database/BaseConnection.php(825): CodeIgniter\Database\BaseConnection->simpleQuery()
 5 SYSTEMPATH/Database/BaseBuilder.php(1647): CodeIgniter\Database\BaseConnection->query()
 6 APPPATH/Models/EtudiantModel.php(29): CodeIgniter\Database\BaseBuilder->get()
 7 APPPATH/Controllers/RechercheEtudiant.php(28): App\Models\EtudiantModel->search()
 8 SYSTEMPATH/CodeIgniter.php(974): App\Controllers\RechercheEtudiant->index()
 9 SYSTEMPATH/CodeIgniter.php(520): CodeIgniter\CodeIgniter->runController()
10 SYSTEMPATH/CodeIgniter.php(363): CodeIgniter\CodeIgniter->handleRequest()
11 SYSTEMPATH/Boot.php(417): CodeIgniter\CodeIgniter->run()
12 SYSTEMPATH/Boot.php(68): CodeIgniter\Boot::runCodeIgniter()
13 FCPATH/index.php(59): CodeIgniter\Boot::bootWeb()
14 SYSTEMPATH/rewrite.php(44): require_once('/opt/lampp/htdocs/RohySafeFinale_24_04_2026/Infos_Etudiants/CI4/public/index.php')
ERROR - 2026-06-19 05:04:03 --> pg_query(): Query failed: ERROR:  syntax error at or near &quot;'4'&quot;
LINE 3: WHERE CAST(etu AS TEXT) LIKE '%' || ? || '%' '4'
                                                     ^
in SYSTEMPATH/Database/Postgre/Connection.php on line 200.
 1 SYSTEMPATH/Database/BaseConnection.php(908): CodeIgniter\Database\Postgre\Connection->execute()
 2 SYSTEMPATH/Database/BaseConnection.php(825): CodeIgniter\Database\BaseConnection->simpleQuery()
 3 SYSTEMPATH/Database/BaseBuilder.php(1647): CodeIgniter\Database\BaseConnection->query()
 4 APPPATH/Models/EtudiantModel.php(29): CodeIgniter\Database\BaseBuilder->get()
 5 APPPATH/Controllers/RechercheEtudiant.php(28): App\Models\EtudiantModel->search()
 6 SYSTEMPATH/CodeIgniter.php(974): App\Controllers\RechercheEtudiant->index()
 7 SYSTEMPATH/CodeIgniter.php(520): CodeIgniter\CodeIgniter->runController()
 8 SYSTEMPATH/CodeIgniter.php(363): CodeIgniter\CodeIgniter->handleRequest()
 9 SYSTEMPATH/Boot.php(417): CodeIgniter\CodeIgniter->run()
10 SYSTEMPATH/Boot.php(68): CodeIgniter\Boot::runCodeIgniter()
11 FCPATH/index.php(59): CodeIgniter\Boot::bootWeb()
12 SYSTEMPATH/rewrite.php(44): require_once('/opt/lampp/htdocs/RohySafeFinale_24_04_2026/Infos_Etudiants/CI4/public/index.php')
CRITICAL - 2026-06-19 05:04:03 --> CodeIgniter\Database\Exceptions\DatabaseException: pg_query(): Query failed: ERROR:  syntax error at or near &quot;'4'&quot;
LINE 3: WHERE CAST(etu AS TEXT) LIKE '%' || ? || '%' '4'
                                                     ^
[Method: POST, Route: recherche]
in SYSTEMPATH/Database/BaseConnection.php on line 863.
 1 SYSTEMPATH/Database/BaseBuilder.php(1647): CodeIgniter\Database\BaseConnection->query()
 2 APPPATH/Models/EtudiantModel.php(29): CodeIgniter\Database\BaseBuilder->get()
 3 APPPATH/Controllers/RechercheEtudiant.php(28): App\Models\EtudiantModel->search()
 4 SYSTEMPATH/CodeIgniter.php(974): App\Controllers\RechercheEtudiant->index()
 5 SYSTEMPATH/CodeIgniter.php(520): CodeIgniter\CodeIgniter->runController()
 6 SYSTEMPATH/CodeIgniter.php(363): CodeIgniter\CodeIgniter->handleRequest()
 7 SYSTEMPATH/Boot.php(417): CodeIgniter\CodeIgniter->run()
 8 SYSTEMPATH/Boot.php(68): CodeIgniter\Boot::runCodeIgniter()
 9 FCPATH/index.php(59): CodeIgniter\Boot::bootWeb()
10 SYSTEMPATH/rewrite.php(44): require_once('/opt/lampp/htdocs/RohySafeFinale_24_04_2026/Infos_Etudiants/CI4/public/index.php')
CRITICAL - 2026-06-19 05:04:03 --> [Caused by] CodeIgniter\Database\Exceptions\DatabaseException: pg_query(): Query failed: ERROR:  syntax error at or near &quot;'4'&quot;
LINE 3: WHERE CAST(etu AS TEXT) LIKE '%' || ? || '%' '4'
                                                     ^
in SYSTEMPATH/Database/Postgre/Connection.php on line 212.
 1 SYSTEMPATH/Database/BaseConnection.php(908): CodeIgniter\Database\Postgre\Connection->execute()
 2 SYSTEMPATH/Database/BaseConnection.php(825): CodeIgniter\Database\BaseConnection->simpleQuery()
 3 SYSTEMPATH/Database/BaseBuilder.php(1647): CodeIgniter\Database\BaseConnection->query()
 4 APPPATH/Models/EtudiantModel.php(29): CodeIgniter\Database\BaseBuilder->get()
 5 APPPATH/Controllers/RechercheEtudiant.php(28): App\Models\EtudiantModel->search()
 6 SYSTEMPATH/CodeIgniter.php(974): App\Controllers\RechercheEtudiant->index()
 7 SYSTEMPATH/CodeIgniter.php(520): CodeIgniter\CodeIgniter->runController()
 8 SYSTEMPATH/CodeIgniter.php(363): CodeIgniter\CodeIgniter->handleRequest()
 9 SYSTEMPATH/Boot.php(417): CodeIgniter\CodeIgniter->run()
10 SYSTEMPATH/Boot.php(68): CodeIgniter\Boot::runCodeIgniter()
11 FCPATH/index.php(59): CodeIgniter\Boot::bootWeb()
12 SYSTEMPATH/rewrite.php(44): require_once('/opt/lampp/htdocs/RohySafeFinale_24_04_2026/Infos_Etudiants/CI4/public/index.php')
CRITICAL - 2026-06-19 05:04:03 --> [Caused by] ErrorException: pg_query(): Query failed: ERROR:  syntax error at or near &quot;'4'&quot;
LINE 3: WHERE CAST(etu AS TEXT) LIKE '%' || ? || '%' '4'
                                                     ^
in SYSTEMPATH/Database/Postgre/Connection.php on line 200.
 1 [internal function]: CodeIgniter\Debug\Exceptions->errorHandler()
 2 SYSTEMPATH/Database/Postgre/Connection.php(200): pg_query()
 3 SYSTEMPATH/Database/BaseConnection.php(908): CodeIgniter\Database\Postgre\Connection->execute()
 4 SYSTEMPATH/Database/BaseConnection.php(825): CodeIgniter\Database\BaseConnection->simpleQuery()
 5 SYSTEMPATH/Database/BaseBuilder.php(1647): CodeIgniter\Database\BaseConnection->query()
 6 APPPATH/Models/EtudiantModel.php(29): CodeIgniter\Database\BaseBuilder->get()
 7 APPPATH/Controllers/RechercheEtudiant.php(28): App\Models\EtudiantModel->search()
 8 SYSTEMPATH/CodeIgniter.php(974): App\Controllers\RechercheEtudiant->index()
 9 SYSTEMPATH/CodeIgniter.php(520): CodeIgniter\CodeIgniter->runController()
10 SYSTEMPATH/CodeIgniter.php(363): CodeIgniter\CodeIgniter->handleRequest()
11 SYSTEMPATH/Boot.php(417): CodeIgniter\CodeIgniter->run()
12 SYSTEMPATH/Boot.php(68): CodeIgniter\Boot::runCodeIgniter()
13 FCPATH/index.php(59): CodeIgniter\Boot::bootWeb()
14 SYSTEMPATH/rewrite.php(44): require_once('/opt/lampp/htdocs/RohySafeFinale_24_04_2026/Infos_Etudiants/CI4/public/index.php')
ERROR - 2026-06-19 05:04:09 --> pg_query(): Query failed: ERROR:  syntax error at or near &quot;'4'&quot;
LINE 3: WHERE CAST(etu AS TEXT) LIKE '%' || ? || '%' '4'
                                                     ^
in SYSTEMPATH/Database/Postgre/Connection.php on line 200.
 1 SYSTEMPATH/Database/BaseConnection.php(908): CodeIgniter\Database\Postgre\Connection->execute()
 2 SYSTEMPATH/Database/BaseConnection.php(825): CodeIgniter\Database\BaseConnection->simpleQuery()
 3 SYSTEMPATH/Database/BaseBuilder.php(1647): CodeIgniter\Database\BaseConnection->query()
 4 APPPATH/Models/EtudiantModel.php(29): CodeIgniter\Database\BaseBuilder->get()
 5 APPPATH/Controllers/RechercheEtudiant.php(28): App\Models\EtudiantModel->search()
 6 SYSTEMPATH/CodeIgniter.php(974): App\Controllers\RechercheEtudiant->index()
 7 SYSTEMPATH/CodeIgniter.php(520): CodeIgniter\CodeIgniter->runController()
 8 SYSTEMPATH/CodeIgniter.php(363): CodeIgniter\CodeIgniter->handleRequest()
 9 SYSTEMPATH/Boot.php(417): CodeIgniter\CodeIgniter->run()
10 SYSTEMPATH/Boot.php(68): CodeIgniter\Boot::runCodeIgniter()
11 FCPATH/index.php(59): CodeIgniter\Boot::bootWeb()
12 SYSTEMPATH/rewrite.php(44): require_once('/opt/lampp/htdocs/RohySafeFinale_24_04_2026/Infos_Etudiants/CI4/public/index.php')
CRITICAL - 2026-06-19 05:04:09 --> CodeIgniter\Database\Exceptions\DatabaseException: pg_query(): Query failed: ERROR:  syntax error at or near &quot;'4'&quot;
LINE 3: WHERE CAST(etu AS TEXT) LIKE '%' || ? || '%' '4'
                                                     ^
[Method: POST, Route: recherche]
in SYSTEMPATH/Database/BaseConnection.php on line 863.
 1 SYSTEMPATH/Database/BaseBuilder.php(1647): CodeIgniter\Database\BaseConnection->query()
 2 APPPATH/Models/EtudiantModel.php(29): CodeIgniter\Database\BaseBuilder->get()
 3 APPPATH/Controllers/RechercheEtudiant.php(28): App\Models\EtudiantModel->search()
 4 SYSTEMPATH/CodeIgniter.php(974): App\Controllers\RechercheEtudiant->index()
 5 SYSTEMPATH/CodeIgniter.php(520): CodeIgniter\CodeIgniter->runController()
 6 SYSTEMPATH/CodeIgniter.php(363): CodeIgniter\CodeIgniter->handleRequest()
 7 SYSTEMPATH/Boot.php(417): CodeIgniter\CodeIgniter->run()
 8 SYSTEMPATH/Boot.php(68): CodeIgniter\Boot::runCodeIgniter()
 9 FCPATH/index.php(59): CodeIgniter\Boot::bootWeb()
10 SYSTEMPATH/rewrite.php(44): require_once('/opt/lampp/htdocs/RohySafeFinale_24_04_2026/Infos_Etudiants/CI4/public/index.php')
CRITICAL - 2026-06-19 05:04:09 --> [Caused by] CodeIgniter\Database\Exceptions\DatabaseException: pg_query(): Query failed: ERROR:  syntax error at or near &quot;'4'&quot;
LINE 3: WHERE CAST(etu AS TEXT) LIKE '%' || ? || '%' '4'
                                                     ^
in SYSTEMPATH/Database/Postgre/Connection.php on line 212.
 1 SYSTEMPATH/Database/BaseConnection.php(908): CodeIgniter\Database\Postgre\Connection->execute()
 2 SYSTEMPATH/Database/BaseConnection.php(825): CodeIgniter\Database\BaseConnection->simpleQuery()
 3 SYSTEMPATH/Database/BaseBuilder.php(1647): CodeIgniter\Database\BaseConnection->query()
 4 APPPATH/Models/EtudiantModel.php(29): CodeIgniter\Database\BaseBuilder->get()
 5 APPPATH/Controllers/RechercheEtudiant.php(28): App\Models\EtudiantModel->search()
 6 SYSTEMPATH/CodeIgniter.php(974): App\Controllers\RechercheEtudiant->index()
 7 SYSTEMPATH/CodeIgniter.php(520): CodeIgniter\CodeIgniter->runController()
 8 SYSTEMPATH/CodeIgniter.php(363): CodeIgniter\CodeIgniter->handleRequest()
 9 SYSTEMPATH/Boot.php(417): CodeIgniter\CodeIgniter->run()
10 SYSTEMPATH/Boot.php(68): CodeIgniter\Boot::runCodeIgniter()
11 FCPATH/index.php(59): CodeIgniter\Boot::bootWeb()
12 SYSTEMPATH/rewrite.php(44): require_once('/opt/lampp/htdocs/RohySafeFinale_24_04_2026/Infos_Etudiants/CI4/public/index.php')
CRITICAL - 2026-06-19 05:04:09 --> [Caused by] ErrorException: pg_query(): Query failed: ERROR:  syntax error at or near &quot;'4'&quot;
LINE 3: WHERE CAST(etu AS TEXT) LIKE '%' || ? || '%' '4'
                                                     ^
in SYSTEMPATH/Database/Postgre/Connection.php on line 200.
 1 [internal function]: CodeIgniter\Debug\Exceptions->errorHandler()
 2 SYSTEMPATH/Database/Postgre/Connection.php(200): pg_query()
 3 SYSTEMPATH/Database/BaseConnection.php(908): CodeIgniter\Database\Postgre\Connection->execute()
 4 SYSTEMPATH/Database/BaseConnection.php(825): CodeIgniter\Database\BaseConnection->simpleQuery()
 5 SYSTEMPATH/Database/BaseBuilder.php(1647): CodeIgniter\Database\BaseConnection->query()
 6 APPPATH/Models/EtudiantModel.php(29): CodeIgniter\Database\BaseBuilder->get()
 7 APPPATH/Controllers/RechercheEtudiant.php(28): App\Models\EtudiantModel->search()
 8 SYSTEMPATH/CodeIgniter.php(974): App\Controllers\RechercheEtudiant->index()
 9 SYSTEMPATH/CodeIgniter.php(520): CodeIgniter\CodeIgniter->runController()
10 SYSTEMPATH/CodeIgniter.php(363): CodeIgniter\CodeIgniter->handleRequest()
11 SYSTEMPATH/Boot.php(417): CodeIgniter\CodeIgniter->run()
12 SYSTEMPATH/Boot.php(68): CodeIgniter\Boot::runCodeIgniter()
13 FCPATH/index.php(59): CodeIgniter\Boot::bootWeb()
14 SYSTEMPATH/rewrite.php(44): require_once('/opt/lampp/htdocs/RohySafeFinale_24_04_2026/Infos_Etudiants/CI4/public/index.php')
ERROR - 2026-06-19 05:04:11 --> pg_query(): Query failed: ERROR:  syntax error at or near &quot;'4'&quot;
LINE 3: WHERE CAST(etu AS TEXT) LIKE '%' || ? || '%' '4'
                                                     ^
in SYSTEMPATH/Database/Postgre/Connection.php on line 200.
 1 SYSTEMPATH/Database/BaseConnection.php(908): CodeIgniter\Database\Postgre\Connection->execute()
 2 SYSTEMPATH/Database/BaseConnection.php(825): CodeIgniter\Database\BaseConnection->simpleQuery()
 3 SYSTEMPATH/Database/BaseBuilder.php(1647): CodeIgniter\Database\BaseConnection->query()
 4 APPPATH/Models/EtudiantModel.php(29): CodeIgniter\Database\BaseBuilder->get()
 5 APPPATH/Controllers/RechercheEtudiant.php(28): App\Models\EtudiantModel->search()
 6 SYSTEMPATH/CodeIgniter.php(974): App\Controllers\RechercheEtudiant->index()
 7 SYSTEMPATH/CodeIgniter.php(520): CodeIgniter\CodeIgniter->runController()
 8 SYSTEMPATH/CodeIgniter.php(363): CodeIgniter\CodeIgniter->handleRequest()
 9 SYSTEMPATH/Boot.php(417): CodeIgniter\CodeIgniter->run()
10 SYSTEMPATH/Boot.php(68): CodeIgniter\Boot::runCodeIgniter()
11 FCPATH/index.php(59): CodeIgniter\Boot::bootWeb()
12 SYSTEMPATH/rewrite.php(44): require_once('/opt/lampp/htdocs/RohySafeFinale_24_04_2026/Infos_Etudiants/CI4/public/index.php')
CRITICAL - 2026-06-19 05:04:11 --> CodeIgniter\Database\Exceptions\DatabaseException: pg_query(): Query failed: ERROR:  syntax error at or near &quot;'4'&quot;
LINE 3: WHERE CAST(etu AS TEXT) LIKE '%' || ? || '%' '4'
                                                     ^
[Method: POST, Route: recherche]
in SYSTEMPATH/Database/BaseConnection.php on line 863.
 1 SYSTEMPATH/Database/BaseBuilder.php(1647): CodeIgniter\Database\BaseConnection->query()
 2 APPPATH/Models/EtudiantModel.php(29): CodeIgniter\Database\BaseBuilder->get()
 3 APPPATH/Controllers/RechercheEtudiant.php(28): App\Models\EtudiantModel->search()
 4 SYSTEMPATH/CodeIgniter.php(974): App\Controllers\RechercheEtudiant->index()
 5 SYSTEMPATH/CodeIgniter.php(520): CodeIgniter\CodeIgniter->runController()
 6 SYSTEMPATH/CodeIgniter.php(363): CodeIgniter\CodeIgniter->handleRequest()
 7 SYSTEMPATH/Boot.php(417): CodeIgniter\CodeIgniter->run()
 8 SYSTEMPATH/Boot.php(68): CodeIgniter\Boot::runCodeIgniter()
 9 FCPATH/index.php(59): CodeIgniter\Boot::bootWeb()
10 SYSTEMPATH/rewrite.php(44): require_once('/opt/lampp/htdocs/RohySafeFinale_24_04_2026/Infos_Etudiants/CI4/public/index.php')
CRITICAL - 2026-06-19 05:04:11 --> [Caused by] CodeIgniter\Database\Exceptions\DatabaseException: pg_query(): Query failed: ERROR:  syntax error at or near &quot;'4'&quot;
LINE 3: WHERE CAST(etu AS TEXT) LIKE '%' || ? || '%' '4'
                                                     ^
in SYSTEMPATH/Database/Postgre/Connection.php on line 212.
 1 SYSTEMPATH/Database/BaseConnection.php(908): CodeIgniter\Database\Postgre\Connection->execute()
 2 SYSTEMPATH/Database/BaseConnection.php(825): CodeIgniter\Database\BaseConnection->simpleQuery()
 3 SYSTEMPATH/Database/BaseBuilder.php(1647): CodeIgniter\Database\BaseConnection->query()
 4 APPPATH/Models/EtudiantModel.php(29): CodeIgniter\Database\BaseBuilder->get()
 5 APPPATH/Controllers/RechercheEtudiant.php(28): App\Models\EtudiantModel->search()
 6 SYSTEMPATH/CodeIgniter.php(974): App\Controllers\RechercheEtudiant->index()
 7 SYSTEMPATH/CodeIgniter.php(520): CodeIgniter\CodeIgniter->runController()
 8 SYSTEMPATH/CodeIgniter.php(363): CodeIgniter\CodeIgniter->handleRequest()
 9 SYSTEMPATH/Boot.php(417): CodeIgniter\CodeIgniter->run()
10 SYSTEMPATH/Boot.php(68): CodeIgniter\Boot::runCodeIgniter()
11 FCPATH/index.php(59): CodeIgniter\Boot::bootWeb()
12 SYSTEMPATH/rewrite.php(44): require_once('/opt/lampp/htdocs/RohySafeFinale_24_04_2026/Infos_Etudiants/CI4/public/index.php')
CRITICAL - 2026-06-19 05:04:11 --> [Caused by] ErrorException: pg_query(): Query failed: ERROR:  syntax error at or near &quot;'4'&quot;
LINE 3: WHERE CAST(etu AS TEXT) LIKE '%' || ? || '%' '4'
                                                     ^
in SYSTEMPATH/Database/Postgre/Connection.php on line 200.
 1 [internal function]: CodeIgniter\Debug\Exceptions->errorHandler()
 2 SYSTEMPATH/Database/Postgre/Connection.php(200): pg_query()
 3 SYSTEMPATH/Database/BaseConnection.php(908): CodeIgniter\Database\Postgre\Connection->execute()
 4 SYSTEMPATH/Database/BaseConnection.php(825): CodeIgniter\Database\BaseConnection->simpleQuery()
 5 SYSTEMPATH/Database/BaseBuilder.php(1647): CodeIgniter\Database\BaseConnection->query()
 6 APPPATH/Models/EtudiantModel.php(29): CodeIgniter\Database\BaseBuilder->get()
 7 APPPATH/Controllers/RechercheEtudiant.php(28): App\Models\EtudiantModel->search()
 8 SYSTEMPATH/CodeIgniter.php(974): App\Controllers\RechercheEtudiant->index()
 9 SYSTEMPATH/CodeIgniter.php(520): CodeIgniter\CodeIgniter->runController()
10 SYSTEMPATH/CodeIgniter.php(363): CodeIgniter\CodeIgniter->handleRequest()
11 SYSTEMPATH/Boot.php(417): CodeIgniter\CodeIgniter->run()
12 SYSTEMPATH/Boot.php(68): CodeIgniter\Boot::runCodeIgniter()
13 FCPATH/index.php(59): CodeIgniter\Boot::bootWeb()
14 SYSTEMPATH/rewrite.php(44): require_once('/opt/lampp/htdocs/RohySafeFinale_24_04_2026/Infos_Etudiants/CI4/public/index.php')
