CRITICAL - 2026-09-14 14:09:34 --> ErrorException: fopen(/opt/lampp/htdocs/RohySafeFinale_24_04_2026/Infos-Etudiants/writable/session/ci_sessionbc1aefb8e7db56c3993d5e0463e2a800): Failed to open stream: Permission denied
[Method: GET, Route: /]
in SYSTEMPATH/Session/Handlers/FileHandler.php on line 125.
 1 [internal function]: CodeIgniter\Debug\Exceptions->errorHandler()
 2 SYSTEMPATH/Session/Handlers/FileHandler.php(125): fopen()
 3 [internal function]: CodeIgniter\Session\Handlers\FileHandler->read()
 4 SYSTEMPATH/Session/Session.php(625): session_start()
 5 SYSTEMPATH/Session/Session.php(120): CodeIgniter\Session\Session->startSession()
 6 SYSTEMPATH/Config/Services.php(714): CodeIgniter\Session\Session->start()
 7 SYSTEMPATH/Config/BaseService.php(325): CodeIgniter\Config\Services::session()
 8 SYSTEMPATH/Config/BaseService.php(264): CodeIgniter\Config\BaseService::__callStatic()
 9 SYSTEMPATH/Config/Services.php(668): CodeIgniter\Config\BaseService::getSharedInstance()
10 SYSTEMPATH/Config/BaseService.php(334): CodeIgniter\Config\Services::session()
11 SYSTEMPATH/Config/BaseService.php(203): CodeIgniter\Config\BaseService::__callStatic()
12 SYSTEMPATH/Common.php(1082): CodeIgniter\Config\BaseService::get()
13 SYSTEMPATH/Common.php(1055): service()
14 APPPATH/Controllers/Home.php(26): session()
15 SYSTEMPATH/CodeIgniter.php(974): App\Controllers\Home->index()
16 SYSTEMPATH/CodeIgniter.php(520): CodeIgniter\CodeIgniter->runController()
17 SYSTEMPATH/CodeIgniter.php(363): CodeIgniter\CodeIgniter->handleRequest()
18 SYSTEMPATH/Boot.php(417): CodeIgniter\CodeIgniter->run()
19 SYSTEMPATH/Boot.php(68): CodeIgniter\Boot::runCodeIgniter()
20 FCPATH/index.php(59): CodeIgniter\Boot::bootWeb()
21 SYSTEMPATH/rewrite.php(44): require_once('/opt/lampp/htdocs/RohySafeFinale_24_04_2026/Infos-Etudiants/public/index.php')
